127.0.0.1 - - [31/Aug/2023:10:15:36 +0900] "GET / HTTP/1.1" 404 807
0:0:0:0:0:0:0:1 - - [31/Aug/2023:10:15:38 +0900] "GET /prj0831/Jh%EB%9D%BC%EC%9D%B4%EB%B8%8C%EB%9F%AC%EB%A6%AC%EC%82%AC%EC%9A%A9%ED%95%98%EA%B8%B0.jsp HTTP/1.1" 200 134
127.0.0.1 - - [31/Aug/2023:10:35:08 +0900] "GET / HTTP/1.1" 404 807
0:0:0:0:0:0:0:1 - - [31/Aug/2023:10:35:09 +0900] "GET /prj0831/hi HTTP/1.1" 200 13
127.0.0.1 - - [31/Aug/2023:10:44:08 +0900] "GET / HTTP/1.1" 404 807
0:0:0:0:0:0:0:1 - - [31/Aug/2023:10:44:08 +0900] "GET /prj0831/hi2 HTTP/1.1" 200 80
0:0:0:0:0:0:0:1 - - [31/Aug/2023:10:44:32 +0900] "GET /prj0831/hi2?name=world HTTP/1.1" 200 81
127.0.0.1 - - [31/Aug/2023:10:59:59 +0900] "GET / HTTP/1.1" 404 807
0:0:0:0:0:0:0:1 - - [31/Aug/2023:11:00:00 +0900] "GET /prj0831/hi3 HTTP/1.1" 200 -
127.0.0.1 - - [31/Aug/2023:11:01:54 +0900] "GET / HTTP/1.1" 404 807
0:0:0:0:0:0:0:1 - - [31/Aug/2023:11:01:54 +0900] "GET /prj0831/hi2 HTTP/1.1" 200 80
127.0.0.1 - - [31/Aug/2023:11:35:41 +0900] "GET / HTTP/1.1" 404 807
0:0:0:0:0:0:0:1 - - [31/Aug/2023:11:35:43 +0900] "GET /prj0831/hiMVC HTTP/1.1" 200 147
127.0.0.1 - - [31/Aug/2023:11:56:49 +0900] "GET / HTTP/1.1" 404 807
127.0.0.1 - - [31/Aug/2023:11:57:31 +0900] "GET / HTTP/1.1" 404 807
0:0:0:0:0:0:0:1 - - [31/Aug/2023:11:57:55 +0900] "GET /prj0831/login HTTP/1.1" 200 515
0:0:0:0:0:0:0:1 - - [31/Aug/2023:11:58:46 +0900] "GET /prj0831/login HTTP/1.1" 200 514
127.0.0.1 - - [31/Aug/2023:12:12:33 +0900] "GET / HTTP/1.1" 404 807
0:0:0:0:0:0:0:1 - - [31/Aug/2023:12:12:34 +0900] "GET /prj0831/WEB-INF/views/login.jsp HTTP/1.1" 404 721
127.0.0.1 - - [31/Aug/2023:12:16:50 +0900] "GET / HTTP/1.1" 404 807
127.0.0.1 - - [31/Aug/2023:12:16:50 +0900] "GET / HTTP/1.1" 404 807
127.0.0.1 - - [31/Aug/2023:12:17:06 +0900] "GET / HTTP/1.1" 404 807
127.0.0.1 - - [31/Aug/2023:12:18:03 +0900] "GET / HTTP/1.1" 404 807
0:0:0:0:0:0:0:1 - - [31/Aug/2023:12:18:48 +0900] "GET /prj0831/login HTTP/1.1" 200 514
0:0:0:0:0:0:0:1 - - [31/Aug/2023:12:18:50 +0900] "GET /prj0831/login HTTP/1.1" 200 514
127.0.0.1 - - [31/Aug/2023:12:24:28 +0900] "GET / HTTP/1.1" 404 807
0:0:0:0:0:0:0:1 - - [31/Aug/2023:12:24:29 +0900] "GET /prj0831/WEB-INF/views/login.jsp HTTP/1.1" 404 721
0:0:0:0:0:0:0:1 - - [31/Aug/2023:12:24:36 +0900] "GET /prj0831/login HTTP/1.1" 200 606
0:0:0:0:0:0:0:1 - - [31/Aug/2023:12:24:46 +0900] "POST /prj0831/login HTTP/1.1" 200 -
127.0.0.1 - - [31/Aug/2023:12:38:44 +0900] "GET / HTTP/1.1" 404 807
0:0:0:0:0:0:0:1 - - [31/Aug/2023:12:38:44 +0900] "GET /prj0831/login HTTP/1.1" 200 606
0:0:0:0:0:0:0:1 - - [31/Aug/2023:12:38:46 +0900] "POST /prj0831/login HTTP/1.1" 200 148
0:0:0:0:0:0:0:1 - - [31/Aug/2023:12:38:48 +0900] "GET /prj0831/login HTTP/1.1" 200 606
0:0:0:0:0:0:0:1 - - [31/Aug/2023:12:38:49 +0900] "POST /prj0831/login HTTP/1.1" 200 148
0:0:0:0:0:0:0:1 - - [31/Aug/2023:12:38:50 +0900] "GET /prj0831/login HTTP/1.1" 200 606
0:0:0:0:0:0:0:1 - - [31/Aug/2023:12:40:37 +0900] "POST /prj0831/login HTTP/1.1" 200 148
0:0:0:0:0:0:0:1 - - [31/Aug/2023:12:40:40 +0900] "GET /prj0831/login HTTP/1.1" 200 606
0:0:0:0:0:0:0:1 - - [31/Aug/2023:12:40:43 +0900] "POST /prj0831/login HTTP/1.1" 200 148
127.0.0.1 - - [31/Aug/2023:12:41:06 +0900] "GET / HTTP/1.1" 404 807
0:0:0:0:0:0:0:1 - - [31/Aug/2023:12:41:06 +0900] "GET /prj0831/login HTTP/1.1" 200 606
0:0:0:0:0:0:0:1 - - [31/Aug/2023:12:41:07 +0900] "POST /prj0831/login HTTP/1.1" 200 606
0:0:0:0:0:0:0:1 - - [31/Aug/2023:12:41:10 +0900] "POST /prj0831/login HTTP/1.1" 200 606
0:0:0:0:0:0:0:1 - - [31/Aug/2023:12:41:12 +0900] "POST /prj0831/login HTTP/1.1" 200 606
0:0:0:0:0:0:0:1 - - [31/Aug/2023:12:41:12 +0900] "POST /prj0831/login HTTP/1.1" 200 606
0:0:0:0:0:0:0:1 - - [31/Aug/2023:12:41:12 +0900] "POST /prj0831/login HTTP/1.1" 200 606
0:0:0:0:0:0:0:1 - - [31/Aug/2023:12:41:14 +0900] "POST /prj0831/login HTTP/1.1" 200 606
127.0.0.1 - - [31/Aug/2023:12:41:30 +0900] "GET / HTTP/1.1" 404 807
0:0:0:0:0:0:0:1 - - [31/Aug/2023:12:41:30 +0900] "GET /prj0831/login HTTP/1.1" 200 606
0:0:0:0:0:0:0:1 - - [31/Aug/2023:12:41:31 +0900] "POST /prj0831/login HTTP/1.1" 200 148
0:0:0:0:0:0:0:1 - - [31/Aug/2023:12:41:35 +0900] "GET /prj0831/login HTTP/1.1" 200 606
0:0:0:0:0:0:0:1 - - [31/Aug/2023:12:41:37 +0900] "POST /prj0831/login HTTP/1.1" 200 148
0:0:0:0:0:0:0:1 - - [31/Aug/2023:12:41:40 +0900] "GET /prj0831/login HTTP/1.1" 200 606
0:0:0:0:0:0:0:1 - - [31/Aug/2023:12:44:32 +0900] "GET /prj0831/login HTTP/1.1" 200 606
0:0:0:0:0:0:0:1 - - [31/Aug/2023:12:44:35 +0900] "POST /prj0831/login HTTP/1.1" 200 148
0:0:0:0:0:0:0:1 - - [31/Aug/2023:12:44:37 +0900] "GET /prj0831/login HTTP/1.1" 200 606
0:0:0:0:0:0:0:1 - - [31/Aug/2023:12:44:39 +0900] "POST /prj0831/login HTTP/1.1" 200 148
127.0.0.1 - - [31/Aug/2023:12:45:00 +0900] "GET / HTTP/1.1" 404 807
0:0:0:0:0:0:0:1 - - [31/Aug/2023:12:45:00 +0900] "GET /prj0831/login HTTP/1.1" 200 606
0:0:0:0:0:0:0:1 - - [31/Aug/2023:12:45:04 +0900] "POST /prj0831/login HTTP/1.1" 200 606
127.0.0.1 - - [31/Aug/2023:14:04:55 +0900] "GET / HTTP/1.1" 404 807
0:0:0:0:0:0:0:1 - - [31/Aug/2023:14:04:55 +0900] "GET /prj0831/test HTTP/1.1" 200 -
27.0.238.118 - - [31/Aug/2023:14:05:11 +0900] "GET /prj0830_mg/ HTTP/1.1" 404 822
211.44.51.8 - - [31/Aug/2023:14:05:14 +0900] "GET /prj0830_mg/ HTTP/1.1" 404 822
211.44.51.8 - - [31/Aug/2023:14:05:14 +0900] "GET /favicon.ico HTTP/1.1" 404 818
211.44.51.8 - - [31/Aug/2023:14:05:21 +0900] "GET /prj0830_mg/ HTTP/1.1" 404 822
127.0.0.1 - - [31/Aug/2023:14:14:30 +0900] "GET / HTTP/1.1" 404 807
0:0:0:0:0:0:0:1 - - [31/Aug/2023:14:14:30 +0900] "GET /prj0831/mvc1 HTTP/1.1" 404 823
127.0.0.1 - - [31/Aug/2023:14:15:10 +0900] "GET / HTTP/1.1" 404 807
0:0:0:0:0:0:0:1 - - [31/Aug/2023:14:15:12 +0900] "GET /prj0831/MVC1 HTTP/1.1" 200 160
127.0.0.1 - - [31/Aug/2023:14:22:13 +0900] "GET / HTTP/1.1" 404 807
0:0:0:0:0:0:0:1 - - [31/Aug/2023:14:22:13 +0900] "GET /prj0831/WEB-INF/views/MVC1.jsp HTTP/1.1" 404 721
0:0:0:0:0:0:0:1 - - [31/Aug/2023:14:24:44 +0900] "GET /prj0831/MVC1 HTTP/1.1" 200 172
0:0:0:0:0:0:0:1 - - [31/Aug/2023:14:30:59 +0900] "GET /prj0831/mvc2 HTTP/1.1" 404 823
127.0.0.1 - - [31/Aug/2023:14:31:32 +0900] "GET / HTTP/1.1" 404 807
0:0:0:0:0:0:0:1 - - [31/Aug/2023:14:31:32 +0900] "GET /prj0831/mvc2 HTTP/1.1" 404 823
0:0:0:0:0:0:0:1 - - [31/Aug/2023:14:32:04 +0900] "GET /prj0831/mvc2 HTTP/1.1" 404 823
127.0.0.1 - - [31/Aug/2023:14:32:18 +0900] "GET / HTTP/1.1" 404 807
0:0:0:0:0:0:0:1 - - [31/Aug/2023:14:32:18 +0900] "GET /prj0831/mvc2 HTTP/1.1" 404 823
127.0.0.1 - - [31/Aug/2023:14:33:05 +0900] "GET / HTTP/1.1" 404 807
0:0:0:0:0:0:0:1 - - [31/Aug/2023:14:33:06 +0900] "GET /prj0831/mvc2 HTTP/1.1" 200 142
127.0.0.1 - - [31/Aug/2023:14:39:13 +0900] "GET / HTTP/1.1" 404 807
0:0:0:0:0:0:0:1 - - [31/Aug/2023:14:39:13 +0900] "GET /prj0831/WEB-INF/views/mvc2.jsp HTTP/1.1" 404 721
127.0.0.1 - - [31/Aug/2023:14:40:05 +0900] "GET / HTTP/1.1" 404 807
0:0:0:0:0:0:0:1 - - [31/Aug/2023:14:40:06 +0900] "GET /prj0831/WEB-INF/views/mvc2.jsp HTTP/1.1" 404 721
0:0:0:0:0:0:0:1 - - [31/Aug/2023:14:40:24 +0900] "GET /prj0831/mvc2 HTTP/1.1" 200 147
0:0:0:0:0:0:0:1 - - [31/Aug/2023:14:40:32 +0900] "GET /prj0831/WEB-INF/views/mvc2.jsp HTTP/1.1" 404 721
0:0:0:0:0:0:0:1 - - [31/Aug/2023:14:45:28 +0900] "GET /prj0831/mvc3 HTTP/1.1" 404 823
127.0.0.1 - - [31/Aug/2023:14:45:51 +0900] "GET / HTTP/1.1" 404 807
0:0:0:0:0:0:0:1 - - [31/Aug/2023:14:45:52 +0900] "GET /prj0831/mvc3 HTTP/1.1" 200 150
127.0.0.1 - - [31/Aug/2023:14:52:56 +0900] "GET / HTTP/1.1" 404 807
0:0:0:0:0:0:0:1 - - [31/Aug/2023:14:52:56 +0900] "GET /prj0831/WEB-INF/views/mvc3.jsp HTTP/1.1" 404 721
127.0.0.1 - - [31/Aug/2023:14:53:18 +0900] "GET / HTTP/1.1" 404 807
0:0:0:0:0:0:0:1 - - [31/Aug/2023:14:53:19 +0900] "GET /prj0831/mvc3 HTTP/1.1" 200 183
127.0.0.1 - - [31/Aug/2023:15:14:27 +0900] "GET / HTTP/1.1" 404 807
0:0:0:0:0:0:0:1 - - [31/Aug/2023:15:14:27 +0900] "GET /prj0831/movies HTTP/1.1" 404 825
127.0.0.1 - - [31/Aug/2023:15:19:45 +0900] "GET / HTTP/1.1" 404 807
0:0:0:0:0:0:0:1 - - [31/Aug/2023:15:19:46 +0900] "GET /prj0831/movies HTTP/1.1" 500 3071
127.0.0.1 - - [31/Aug/2023:15:21:48 +0900] "GET / HTTP/1.1" 404 807
0:0:0:0:0:0:0:1 - - [31/Aug/2023:15:21:49 +0900] "GET /prj0831/movies HTTP/1.1" 200 205
127.0.0.1 - - [31/Aug/2023:15:45:25 +0900] "GET / HTTP/1.1" 404 807
0:0:0:0:0:0:0:1 - - [31/Aug/2023:15:45:26 +0900] "GET /prj0831/members HTTP/1.1" 500 2069
127.0.0.1 - - [31/Aug/2023:15:47:15 +0900] "GET / HTTP/1.1" 404 807
0:0:0:0:0:0:0:1 - - [31/Aug/2023:15:47:15 +0900] "GET /prj0831/Member HTTP/1.1" 500 2069
127.0.0.1 - - [31/Aug/2023:15:48:23 +0900] "GET / HTTP/1.1" 404 807
0:0:0:0:0:0:0:1 - - [31/Aug/2023:15:48:24 +0900] "GET /prj0831/Member HTTP/1.1" 500 2069
0:0:0:0:0:0:0:1 - - [31/Aug/2023:15:49:09 +0900] "GET /prj0831/Member HTTP/1.1" 500 1881
127.0.0.1 - - [31/Aug/2023:15:50:47 +0900] "GET / HTTP/1.1" 404 807
0:0:0:0:0:0:0:1 - - [31/Aug/2023:15:50:48 +0900] "GET /prj0831/Member HTTP/1.1" 500 2069
0:0:0:0:0:0:0:1 - - [31/Aug/2023:15:50:51 +0900] "GET /prj0831/Member HTTP/1.1" 500 1881
0:0:0:0:0:0:0:1 - - [31/Aug/2023:15:50:51 +0900] "GET /prj0831/Member HTTP/1.1" 500 1881
0:0:0:0:0:0:0:1 - - [31/Aug/2023:15:50:51 +0900] "GET /prj0831/Member HTTP/1.1" 500 1881
0:0:0:0:0:0:0:1 - - [31/Aug/2023:15:50:51 +0900] "GET /prj0831/Member HTTP/1.1" 500 1881
0:0:0:0:0:0:0:1 - - [31/Aug/2023:15:50:52 +0900] "GET /prj0831/Member HTTP/1.1" 500 1881
0:0:0:0:0:0:0:1 - - [31/Aug/2023:15:50:52 +0900] "GET /prj0831/Member HTTP/1.1" 500 1881
0:0:0:0:0:0:0:1 - - [31/Aug/2023:15:50:52 +0900] "GET /prj0831/Member HTTP/1.1" 500 1881
127.0.0.1 - - [31/Aug/2023:15:52:27 +0900] "GET / HTTP/1.1" 404 807
0:0:0:0:0:0:0:1 - - [31/Aug/2023:15:52:27 +0900] "GET /prj0831/Member HTTP/1.1" 500 2069
0:0:0:0:0:0:0:1 - - [31/Aug/2023:15:53:04 +0900] "GET /prj0831/Member HTTP/1.1" 500 1881
0:0:0:0:0:0:0:1 - - [31/Aug/2023:15:53:04 +0900] "GET /prj0831/Member HTTP/1.1" 500 1881
0:0:0:0:0:0:0:1 - - [31/Aug/2023:15:53:04 +0900] "GET /prj0831/Member HTTP/1.1" 500 1881
0:0:0:0:0:0:0:1 - - [31/Aug/2023:15:53:04 +0900] "GET /prj0831/Member HTTP/1.1" 500 1881
0:0:0:0:0:0:0:1 - - [31/Aug/2023:15:53:04 +0900] "GET /prj0831/Member HTTP/1.1" 500 1881
0:0:0:0:0:0:0:1 - - [31/Aug/2023:15:53:05 +0900] "GET /prj0831/Member HTTP/1.1" 500 1881
0:0:0:0:0:0:0:1 - - [31/Aug/2023:15:53:05 +0900] "GET /prj0831/Member HTTP/1.1" 500 1881
0:0:0:0:0:0:0:1 - - [31/Aug/2023:15:53:05 +0900] "GET /prj0831/Member HTTP/1.1" 500 1881
0:0:0:0:0:0:0:1 - - [31/Aug/2023:15:53:05 +0900] "GET /prj0831/Member HTTP/1.1" 500 1881
0:0:0:0:0:0:0:1 - - [31/Aug/2023:15:53:05 +0900] "GET /prj0831/Member HTTP/1.1" 500 1881
127.0.0.1 - - [31/Aug/2023:15:55:01 +0900] "GET / HTTP/1.1" 404 807
0:0:0:0:0:0:0:1 - - [31/Aug/2023:15:55:01 +0900] "GET /prj0831/Member HTTP/1.1" 500 2069
0:0:0:0:0:0:0:1 - - [31/Aug/2023:15:55:07 +0900] "GET /prj0831/Members HTTP/1.1" 404 826
0:0:0:0:0:0:0:1 - - [31/Aug/2023:15:55:13 +0900] "GET /prj0831/Member HTTP/1.1" 500 1881
127.0.0.1 - - [31/Aug/2023:15:56:16 +0900] "GET / HTTP/1.1" 404 807
0:0:0:0:0:0:0:1 - - [31/Aug/2023:15:56:17 +0900] "GET /prj0831/Member HTTP/1.1" 200 -
127.0.0.1 - - [31/Aug/2023:15:56:27 +0900] "GET / HTTP/1.1" 404 807
0:0:0:0:0:0:0:1 - - [31/Aug/2023:15:56:27 +0900] "GET /prj0831/Member HTTP/1.1" 200 -
127.0.0.1 - - [31/Aug/2023:15:56:36 +0900] "GET / HTTP/1.1" 404 807
0:0:0:0:0:0:0:1 - - [31/Aug/2023:15:56:36 +0900] "GET /prj0831/Member HTTP/1.1" 500 2069
127.0.0.1 - - [31/Aug/2023:15:57:06 +0900] "GET / HTTP/1.1" 404 807
0:0:0:0:0:0:0:1 - - [31/Aug/2023:15:57:07 +0900] "GET /prj0831/Member HTTP/1.1" 500 2069
127.0.0.1 - - [31/Aug/2023:15:58:08 +0900] "GET / HTTP/1.1" 404 807
0:0:0:0:0:0:0:1 - - [31/Aug/2023:15:58:09 +0900] "GET /prj0831/Member HTTP/1.1" 500 2069
127.0.0.1 - - [31/Aug/2023:15:58:19 +0900] "GET / HTTP/1.1" 404 807
0:0:0:0:0:0:0:1 - - [31/Aug/2023:15:58:20 +0900] "GET /prj0831/aember HTTP/1.1" 500 2069
127.0.0.1 - - [31/Aug/2023:15:59:08 +0900] "GET / HTTP/1.1" 404 807
0:0:0:0:0:0:0:1 - - [31/Aug/2023:15:59:08 +0900] "GET /prj0831/Member HTTP/1.1" 200 -
127.0.0.1 - - [31/Aug/2023:15:59:41 +0900] "GET / HTTP/1.1" 404 807
0:0:0:0:0:0:0:1 - - [31/Aug/2023:15:59:42 +0900] "GET /prj0831/Member HTTP/1.1" 500 3026
127.0.0.1 - - [31/Aug/2023:16:02:09 +0900] "GET / HTTP/1.1" 404 807
0:0:0:0:0:0:0:1 - - [31/Aug/2023:16:02:10 +0900] "GET /prj0831/Member HTTP/1.1" 500 2945
127.0.0.1 - - [31/Aug/2023:16:02:44 +0900] "GET / HTTP/1.1" 404 807
0:0:0:0:0:0:0:1 - - [31/Aug/2023:16:02:44 +0900] "GET /prj0831/Member HTTP/1.1" 200 290
