127.0.0.1 - - [01/Sep/2023:09:04:21 +0900] "GET / HTTP/1.1" 404 807
0:0:0:0:0:0:0:1 - - [01/Sep/2023:09:04:24 +0900] "GET /prj0831/Member HTTP/1.1" 200 290
127.0.0.1 - - [01/Sep/2023:09:21:25 +0900] "GET / HTTP/1.1" 404 807
0:0:0:0:0:0:0:1 - - [01/Sep/2023:09:21:26 +0900] "GET /prj0901/hi HTTP/1.1" 200 -
127.0.0.1 - - [01/Sep/2023:09:27:01 +0900] "GET / HTTP/1.1" 404 807
0:0:0:0:0:0:0:1 - - [01/Sep/2023:09:27:03 +0900] "GET /prj0901/hi HTTP/1.1" 200 158
127.0.0.1 - - [01/Sep/2023:09:27:46 +0900] "GET / HTTP/1.1" 404 807
0:0:0:0:0:0:0:1 - - [01/Sep/2023:09:27:47 +0900] "GET /prj0901/hi HTTP/1.1" 200 158
127.0.0.1 - - [01/Sep/2023:09:29:33 +0900] "GET / HTTP/1.1" 404 807
0:0:0:0:0:0:0:1 - - [01/Sep/2023:09:29:33 +0900] "GET /prj0901/hi HTTP/1.1" 200 158
127.0.0.1 - - [01/Sep/2023:09:30:30 +0900] "GET / HTTP/1.1" 404 807
0:0:0:0:0:0:0:1 - - [01/Sep/2023:09:30:31 +0900] "GET /prj0901/hi HTTP/1.1" 200 168
127.0.0.1 - - [01/Sep/2023:09:43:30 +0900] "GET / HTTP/1.1" 404 807
0:0:0:0:0:0:0:1 - - [01/Sep/2023:09:43:31 +0900] "GET /prj0901/acorn HTTP/1.1" 200 153
127.0.0.1 - - [01/Sep/2023:09:43:48 +0900] "GET / HTTP/1.1" 404 807
0:0:0:0:0:0:0:1 - - [01/Sep/2023:09:43:49 +0900] "GET /prj0901/acorn HTTP/1.1" 200 185
127.0.0.1 - - [01/Sep/2023:09:59:07 +0900] "GET / HTTP/1.1" 404 807
0:0:0:0:0:0:0:1 - - [01/Sep/2023:09:59:07 +0900] "GET /prj0901/WEB-INF/classes/prj0901/TestDB.java HTTP/1.1" 404 721
159.203.224.19 - - [01/Sep/2023:10:05:40 +0900] "-" 400 2163
127.0.0.1 - - [01/Sep/2023:10:40:00 +0900] "GET / HTTP/1.1" 404 807
0:0:0:0:0:0:0:1 - - [01/Sep/2023:10:40:00 +0900] "GET /prj0901/WEB-INF/views/HiView.jsp HTTP/1.1" 404 721
127.0.0.1 - - [01/Sep/2023:10:40:30 +0900] "GET / HTTP/1.1" 404 807
0:0:0:0:0:0:0:1 - - [01/Sep/2023:10:40:31 +0900] "GET /prj0901/acorn HTTP/1.1" 200 424
127.0.0.1 - - [01/Sep/2023:11:41:55 +0900] "GET / HTTP/1.1" 404 807
0:0:0:0:0:0:0:1 - - [01/Sep/2023:11:41:57 +0900] "GET /prj0901/reg HTTP/1.1" 200 162
0:0:0:0:0:0:0:1 - - [01/Sep/2023:11:42:26 +0900] "GET /prj0901/reg?id=test12&pw=0000&name=doi HTTP/1.1" 200 162
127.0.0.1 - - [01/Sep/2023:12:20:00 +0900] "GET / HTTP/1.1" 404 807
0:0:0:0:0:0:0:1 - - [01/Sep/2023:12:20:02 +0900] "GET /prj0901/search HTTP/1.1" 500 3147
127.0.0.1 - - [01/Sep/2023:12:21:12 +0900] "GET / HTTP/1.1" 404 807
0:0:0:0:0:0:0:1 - - [01/Sep/2023:12:21:14 +0900] "GET /prj0901/search HTTP/1.1" 500 3148
0:0:0:0:0:0:0:1 - - [01/Sep/2023:12:21:25 +0900] "GET /prj0901/search?id=dy HTTP/1.1" 200 246
127.0.0.1 - - [01/Sep/2023:12:21:43 +0900] "GET / HTTP/1.1" 404 807
0:0:0:0:0:0:0:1 - - [01/Sep/2023:12:21:43 +0900] "GET /prj0901/search?id=dy HTTP/1.1" 404 825
0:0:0:0:0:0:0:1 - - [01/Sep/2023:12:21:47 +0900] "GET /prj0901/search?id=dy HTTP/1.1" 404 825
127.0.0.1 - - [01/Sep/2023:12:53:42 +0900] "GET / HTTP/1.1" 404 807
0:0:0:0:0:0:0:1 - - [01/Sep/2023:12:53:44 +0900] "GET /prj0901/delete HTTP/1.1" 200 182
0:0:0:0:0:0:0:1 - - [01/Sep/2023:12:53:50 +0900] "GET /prj0901/delete?id=dy HTTP/1.1" 200 180
192.241.219.53 - - [01/Sep/2023:13:08:24 +0900] "-" 400 2163
127.0.0.1 - - [01/Sep/2023:13:48:47 +0900] "GET / HTTP/1.1" 404 807
0:0:0:0:0:0:0:1 - - [01/Sep/2023:13:48:48 +0900] "GET /prj0901/delete HTTP/1.1" 200 182
127.0.0.1 - - [01/Sep/2023:14:05:14 +0900] "GET / HTTP/1.1" 404 807
127.0.0.1 - - [01/Sep/2023:14:26:27 +0900] "GET / HTTP/1.1" 404 807
0:0:0:0:0:0:0:1 - - [01/Sep/2023:14:26:27 +0900] "GET /prj0901/update HTTP/1.1" 500 1518
0:0:0:0:0:0:0:1 - - [01/Sep/2023:14:26:57 +0900] "GET /prj0901/update?id=mj&newpw=6666 HTTP/1.1" 200 190
127.0.0.1 - - [01/Sep/2023:14:43:31 +0900] "GET / HTTP/1.1" 404 807
0:0:0:0:0:0:0:1 - - [01/Sep/2023:14:43:33 +0900] "GET /sessionPrj/main.do HTTP/1.1" 200 263
0:0:0:0:0:0:0:1 - - [01/Sep/2023:14:43:34 +0900] "GET /sessionPrj/login HTTP/1.1" 200 959
0:0:0:0:0:0:0:1 - - [01/Sep/2023:14:43:37 +0900] "POST /sessionPrj/login HTTP/1.1" 302 -
0:0:0:0:0:0:0:1 - - [01/Sep/2023:14:43:37 +0900] "GET /sessionPrj/login?message=%EC%95%84%EC%9D%B4%EB%94%94%ED%99%95%EC%9D%B8 HTTP/1.1" 200 976
0:0:0:0:0:0:0:1 - - [01/Sep/2023:14:43:45 +0900] "POST /sessionPrj/login HTTP/1.1" 200 269
0:0:0:0:0:0:0:1 - - [01/Sep/2023:14:43:49 +0900] "GET /sessionPrj/order HTTP/1.1" 200 380
0:0:0:0:0:0:0:1 - - [01/Sep/2023:14:43:52 +0900] "GET /sessionPrj/logOut HTTP/1.1" 302 -
0:0:0:0:0:0:0:1 - - [01/Sep/2023:14:43:52 +0900] "GET /sessionPrj/main.do HTTP/1.1" 200 263
0:0:0:0:0:0:0:1 - - [01/Sep/2023:14:43:53 +0900] "GET /sessionPrj/login HTTP/1.1" 200 959
0:0:0:0:0:0:0:1 - - [01/Sep/2023:14:43:58 +0900] "POST /sessionPrj/login HTTP/1.1" 200 269
0:0:0:0:0:0:0:1 - - [01/Sep/2023:14:44:15 +0900] "GET /sessionPrj/order HTTP/1.1" 200 380
127.0.0.1 - - [01/Sep/2023:16:02:09 +0900] "GET / HTTP/1.1" 404 807
0:0:0:0:0:0:0:1 - - [01/Sep/2023:16:02:10 +0900] "GET /prj0901/goods HTTP/1.1" 404 827
127.0.0.1 - - [01/Sep/2023:16:02:39 +0900] "GET / HTTP/1.1" 404 807
0:0:0:0:0:0:0:1 - - [01/Sep/2023:16:02:40 +0900] "GET /prj0901/goods HTTP/1.1" 200 187
127.0.0.1 - - [01/Sep/2023:16:03:22 +0900] "GET / HTTP/1.1" 404 807
0:0:0:0:0:0:0:1 - - [01/Sep/2023:16:03:23 +0900] "GET /prj0901/goods HTTP/1.1" 500 1620
0:0:0:0:0:0:0:1 - - [01/Sep/2023:16:03:33 +0900] "GET /prj0901/goods HTTP/1.1" 500 1620
127.0.0.1 - - [01/Sep/2023:16:05:24 +0900] "GET / HTTP/1.1" 404 807
0:0:0:0:0:0:0:1 - - [01/Sep/2023:16:05:25 +0900] "GET /prj0901/goods HTTP/1.1" 200 187
127.0.0.1 - - [01/Sep/2023:16:06:15 +0900] "GET / HTTP/1.1" 404 807
0:0:0:0:0:0:0:1 - - [01/Sep/2023:16:06:16 +0900] "GET /prj0901/goods HTTP/1.1" 200 187
127.0.0.1 - - [01/Sep/2023:16:07:54 +0900] "GET / HTTP/1.1" 404 807
0:0:0:0:0:0:0:1 - - [01/Sep/2023:16:07:55 +0900] "GET /prj0901/goods HTTP/1.1" 200 295
127.0.0.1 - - [01/Sep/2023:16:23:28 +0900] "GET / HTTP/1.1" 404 807
0:0:0:0:0:0:0:1 - - [01/Sep/2023:16:23:29 +0900] "GET /prj0901/goodsadd HTTP/1.1" 500 3061
0:0:0:0:0:0:0:1 - - [01/Sep/2023:16:24:07 +0900] "GET /prj0901/goodsadd?id=c004&name=%EB%9C%A8%EC%95%84&price=4900 HTTP/1.1" 500 3061
0:0:0:0:0:0:0:1 - - [01/Sep/2023:16:24:11 +0900] "GET /prj0901/goodsadd?id=c004&name=%EB%9C%A8%EC%95%84&price=4900 HTTP/1.1" 500 3061
127.0.0.1 - - [01/Sep/2023:16:26:02 +0900] "GET / HTTP/1.1" 404 807
0:0:0:0:0:0:0:1 - - [01/Sep/2023:16:26:03 +0900] "GET /prj0901/goodsadd HTTP/1.1" 500 3079
0:0:0:0:0:0:0:1 - - [01/Sep/2023:16:26:31 +0900] "GET /prj0901/goodsadd?id=C008&name=%EC%95%84%EC%95%84&price=6000 HTTP/1.1" 500 3239
127.0.0.1 - - [01/Sep/2023:16:28:46 +0900] "GET / HTTP/1.1" 404 807
0:0:0:0:0:0:0:1 - - [01/Sep/2023:16:28:46 +0900] "GET /prj0901/WEB-INF/goodsviews/goodsAdd.jsp HTTP/1.1" 404 721
0:0:0:0:0:0:0:1 - - [01/Sep/2023:16:28:59 +0900] "GET /prj0901/goodsadd HTTP/1.1" 500 3032
0:0:0:0:0:0:0:1 - - [01/Sep/2023:16:29:49 +0900] "GET /prj0901/goodsadd?id=C006&name=%EC%98%88%EC%B9%B4%EC%B2%B4%ED%94%84&price=2700 HTTP/1.1" 500 3238
127.0.0.1 - - [01/Sep/2023:16:31:38 +0900] "GET / HTTP/1.1" 404 807
0:0:0:0:0:0:0:1 - - [01/Sep/2023:16:31:39 +0900] "GET /prj0901/goodsadd HTTP/1.1" 500 3022
0:0:0:0:0:0:0:1 - - [01/Sep/2023:16:32:04 +0900] "GET /prj0901/goodsadd?id=c0100&name=ddd&price=3000 HTTP/1.1" 500 3228
127.0.0.1 - - [01/Sep/2023:16:34:17 +0900] "GET / HTTP/1.1" 404 807
0:0:0:0:0:0:0:1 - - [01/Sep/2023:16:34:19 +0900] "GET /prj0901/goodsadd HTTP/1.1" 200 173
0:0:0:0:0:0:0:1 - - [01/Sep/2023:16:34:55 +0900] "GET /prj0901/goodsadd?id=C101&name=%EB%9A%9C%EB%91%A5&price=4000 HTTP/1.1" 200 173
127.0.0.1 - - [01/Sep/2023:16:35:44 +0900] "GET / HTTP/1.1" 404 807
0:0:0:0:0:0:0:1 - - [01/Sep/2023:16:35:45 +0900] "GET /prj0901/WEB-INF/views/Customer.jsp HTTP/1.1" 404 721
0:0:0:0:0:0:0:1 - - [01/Sep/2023:16:36:11 +0900] "GET /prj0901/goodsadd HTTP/1.1" 200 173
0:0:0:0:0:0:0:1 - - [01/Sep/2023:16:37:00 +0900] "GET /prj0901/goodsadd?id=C0201&name=%EB%B9%84%EC%97%94%EB%82%98&price=2000 HTTP/1.1" 200 173
127.0.0.1 - - [01/Sep/2023:16:43:18 +0900] "GET / HTTP/1.1" 404 807
0:0:0:0:0:0:0:1 - - [01/Sep/2023:16:43:20 +0900] "GET /prj0901/goodsadd HTTP/1.1" 200 176
0:0:0:0:0:0:0:1 - - [01/Sep/2023:16:43:42 +0900] "GET /prj0901/goodsadd?id=c120&name=add&price=5000 HTTP/1.1" 500 3151
127.0.0.1 - - [01/Sep/2023:16:45:02 +0900] "GET / HTTP/1.1" 404 807
0:0:0:0:0:0:0:1 - - [01/Sep/2023:16:45:04 +0900] "GET /prj0901/goodsadd HTTP/1.1" 200 189
0:0:0:0:0:0:0:1 - - [01/Sep/2023:16:45:17 +0900] "GET /prj0901/goodsadd?id=C0202&name=%EB%B9%84%EC%97%94%EB%82%982&price=2030 HTTP/1.1" 200 189
127.0.0.1 - - [01/Sep/2023:16:46:00 +0900] "GET / HTTP/1.1" 404 807
0:0:0:0:0:0:0:1 - - [01/Sep/2023:16:46:01 +0900] "GET /prj0901/goodsadd HTTP/1.1" 200 189
0:0:0:0:0:0:0:1 - - [01/Sep/2023:16:46:19 +0900] "GET /prj0901/goodsadd?id=C202&name=%EB%B9%84%EC%97%941%EB%82%982&price=2230 HTTP/1.1" 200 196
0:0:0:0:0:0:0:1 - - [01/Sep/2023:16:47:27 +0900] "GET /prj0901/goods HTTP/1.1" 200 598
0:0:0:0:0:0:0:1 - - [01/Sep/2023:17:01:01 +0900] "GET /prj0901/goods HTTP/1.1" 200 598
