127.0.0.1 - - [08/Sep/2023:09:17:55 +0900] "GET / HTTP/1.1" 404 807
0:0:0:0:0:0:0:1 - - [08/Sep/2023:09:17:59 +0900] "GET /ELprj0908/acorn HTTP/1.1" 404 824
0:0:0:0:0:0:0:1 - - [08/Sep/2023:09:18:00 +0900] "GET /favicon.ico HTTP/1.1" 404 818
127.0.0.1 - - [08/Sep/2023:09:18:32 +0900] "GET / HTTP/1.1" 404 807
0:0:0:0:0:0:0:1 - - [08/Sep/2023:09:18:34 +0900] "GET /ELprj0908/acorn HTTP/1.1" 200 687
127.0.0.1 - - [08/Sep/2023:09:31:29 +0900] "GET / HTTP/1.1" 404 807
0:0:0:0:0:0:0:1 - - [08/Sep/2023:09:31:31 +0900] "GET /ELprj0908/acorn HTTP/1.1" 200 811
127.0.0.1 - - [08/Sep/2023:09:47:06 +0900] "GET / HTTP/1.1" 404 807
0:0:0:0:0:0:0:1 - - [08/Sep/2023:09:47:07 +0900] "GET /ELprj0908/acorn HTTP/1.1" 200 811
0:0:0:0:0:0:0:1 - - [08/Sep/2023:09:47:24 +0900] "GET /ELprj0908/el1 HTTP/1.1" 200 218
0:0:0:0:0:0:0:1 - - [08/Sep/2023:10:09:35 +0900] "GET /ELprj0908/el1 HTTP/1.1" 200 218
127.0.0.1 - - [08/Sep/2023:10:09:47 +0900] "GET / HTTP/1.1" 404 807
0:0:0:0:0:0:0:1 - - [08/Sep/2023:10:09:48 +0900] "GET /ELprj0908/el1 HTTP/1.1" 200 409
127.0.0.1 - - [08/Sep/2023:10:26:09 +0900] "GET / HTTP/1.1" 404 807
0:0:0:0:0:0:0:1 - - [08/Sep/2023:10:26:10 +0900] "GET /ELprj0908/el2 HTTP/1.1" 200 954
127.0.0.1 - - [08/Sep/2023:10:29:20 +0900] "GET / HTTP/1.1" 404 807
0:0:0:0:0:0:0:1 - - [08/Sep/2023:10:29:21 +0900] "GET /ELprj0908/el2 HTTP/1.1" 200 973
127.0.0.1 - - [08/Sep/2023:10:41:28 +0900] "GET / HTTP/1.1" 404 807
0:0:0:0:0:0:0:1 - - [08/Sep/2023:10:41:30 +0900] "GET /ELprj0908/el3 HTTP/1.1" 200 362
127.0.0.1 - - [08/Sep/2023:10:45:53 +0900] "GET / HTTP/1.1" 404 807
0:0:0:0:0:0:0:1 - - [08/Sep/2023:10:45:54 +0900] "GET /ELprj0908/el4 HTTP/1.1" 200 964
0:0:0:0:0:0:0:1 - - [08/Sep/2023:10:47:07 +0900] "GET /ELprj0908/el4?id=test01%pw=1234 HTTP/1.1" 200 964
0:0:0:0:0:0:0:1 - - [08/Sep/2023:10:47:16 +0900] "GET /ELprj0908/el4?id=test01&pw=1234 HTTP/1.1" 200 982
0:0:0:0:0:0:0:1 - - [08/Sep/2023:10:47:21 +0900] "GET /ELprj0908/el4?id=test01&pw=1234 HTTP/1.1" 200 1007
0:0:0:0:0:0:0:1 - - [08/Sep/2023:10:47:22 +0900] "GET /ELprj0908/el4?id=test01&pw=1234 HTTP/1.1" 200 1007
0:0:0:0:0:0:0:1 - - [08/Sep/2023:10:47:23 +0900] "GET /ELprj0908/el4?id=test01&pw=1234 HTTP/1.1" 200 1007
0:0:0:0:0:0:0:1 - - [08/Sep/2023:10:47:23 +0900] "GET /ELprj0908/el4?id=test01&pw=1234 HTTP/1.1" 200 1007
0:0:0:0:0:0:0:1 - - [08/Sep/2023:10:47:24 +0900] "GET /ELprj0908/el4?id=test01&pw=1234 HTTP/1.1" 200 1007
0:0:0:0:0:0:0:1 - - [08/Sep/2023:10:47:24 +0900] "GET /ELprj0908/el4?id=test01&pw=1234 HTTP/1.1" 200 1007
0:0:0:0:0:0:0:1 - - [08/Sep/2023:10:47:25 +0900] "GET /ELprj0908/el4?id=test01&pw=1234 HTTP/1.1" 200 1007
0:0:0:0:0:0:0:1 - - [08/Sep/2023:10:47:25 +0900] "GET /ELprj0908/el4?id=test01&pw=1234 HTTP/1.1" 200 1007
0:0:0:0:0:0:0:1 - - [08/Sep/2023:10:47:26 +0900] "GET /ELprj0908/el4?id=test01&pw=1234 HTTP/1.1" 200 1007
0:0:0:0:0:0:0:1 - - [08/Sep/2023:10:47:26 +0900] "GET /ELprj0908/el4?id=test01&pw=1234 HTTP/1.1" 200 1007
0:0:0:0:0:0:0:1 - - [08/Sep/2023:10:47:27 +0900] "GET /ELprj0908/el4?id=test01&pw=1234 HTTP/1.1" 200 1007
0:0:0:0:0:0:0:1 - - [08/Sep/2023:10:47:33 +0900] "GET /ELprj0908/el4?id=test01&pw=1234 HTTP/1.1" 200 1007
127.0.0.1 - - [08/Sep/2023:11:07:32 +0900] "GET / HTTP/1.1" 404 807
0:0:0:0:0:0:0:1 - - [08/Sep/2023:11:07:34 +0900] "GET /ELprj0908/el5 HTTP/1.1" 200 327
127.0.0.1 - - [08/Sep/2023:11:08:32 +0900] "GET / HTTP/1.1" 404 807
0:0:0:0:0:0:0:1 - - [08/Sep/2023:11:08:33 +0900] "GET /ELprj0908/el5 HTTP/1.1" 200 385
127.0.0.1 - - [08/Sep/2023:11:17:20 +0900] "GET / HTTP/1.1" 404 807
0:0:0:0:0:0:0:1 - - [08/Sep/2023:11:17:21 +0900] "GET /ELprj0908/jstl1 HTTP/1.1" 200 405
127.0.0.1 - - [08/Sep/2023:11:19:43 +0900] "GET / HTTP/1.1" 404 807
0:0:0:0:0:0:0:1 - - [08/Sep/2023:11:19:45 +0900] "GET /ELprj0908/jstl1 HTTP/1.1" 200 509
127.0.0.1 - - [08/Sep/2023:11:22:03 +0900] "GET / HTTP/1.1" 404 807
0:0:0:0:0:0:0:1 - - [08/Sep/2023:11:22:04 +0900] "GET /ELprj0908/jstl1 HTTP/1.1" 200 652
127.0.0.1 - - [08/Sep/2023:11:34:12 +0900] "GET / HTTP/1.1" 404 807
0:0:0:0:0:0:0:1 - - [08/Sep/2023:11:34:14 +0900] "GET /ELprj0908/jstl2 HTTP/1.1" 200 363
127.0.0.1 - - [08/Sep/2023:11:34:33 +0900] "GET / HTTP/1.1" 404 807
0:0:0:0:0:0:0:1 - - [08/Sep/2023:11:34:34 +0900] "GET /ELprj0908/jstl2 HTTP/1.1" 200 374
127.0.0.1 - - [08/Sep/2023:11:38:14 +0900] "GET / HTTP/1.1" 404 807
0:0:0:0:0:0:0:1 - - [08/Sep/2023:11:38:15 +0900] "GET /ELprj0908/jstl3 HTTP/1.1" 200 143
127.0.0.1 - - [08/Sep/2023:11:38:51 +0900] "GET / HTTP/1.1" 404 807
0:0:0:0:0:0:0:1 - - [08/Sep/2023:11:38:51 +0900] "GET /ELprj0908/jstl3 HTTP/1.1" 200 143
127.0.0.1 - - [08/Sep/2023:11:43:56 +0900] "GET / HTTP/1.1" 404 807
0:0:0:0:0:0:0:1 - - [08/Sep/2023:11:43:57 +0900] "GET /ELprj0908/WEB-INF/views/jstl3.jsp HTTP/1.1" 404 721
0:0:0:0:0:0:0:1 - - [08/Sep/2023:11:44:03 +0900] "GET /ELprj0908/jstl3 HTTP/1.1" 200 178
127.0.0.1 - - [08/Sep/2023:12:05:57 +0900] "GET / HTTP/1.1" 404 807
0:0:0:0:0:0:0:1 - - [08/Sep/2023:12:05:58 +0900] "GET /ELprj0908/jstl4 HTTP/1.1" 500 2941
127.0.0.1 - - [08/Sep/2023:12:06:42 +0900] "GET / HTTP/1.1" 404 807
0:0:0:0:0:0:0:1 - - [08/Sep/2023:12:06:43 +0900] "GET /ELprj0908/jstl4 HTTP/1.1" 200 160
127.0.0.1 - - [08/Sep/2023:12:13:54 +0900] "GET / HTTP/1.1" 404 807
0:0:0:0:0:0:0:1 - - [08/Sep/2023:12:13:55 +0900] "GET /ELprj0908/jstl4 HTTP/1.1" 200 353
127.0.0.1 - - [08/Sep/2023:12:14:21 +0900] "GET / HTTP/1.1" 404 807
0:0:0:0:0:0:0:1 - - [08/Sep/2023:12:14:22 +0900] "GET /ELprj0908/jstl4 HTTP/1.1" 200 355
104.131.144.9 - - [08/Sep/2023:12:15:33 +0900] "-" 400 2163
127.0.0.1 - - [08/Sep/2023:12:16:52 +0900] "GET / HTTP/1.1" 404 807
0:0:0:0:0:0:0:1 - - [08/Sep/2023:12:16:54 +0900] "GET /ELprj0908/jstl4 HTTP/1.1" 200 371
127.0.0.1 - - [08/Sep/2023:12:20:21 +0900] "GET / HTTP/1.1" 404 807
0:0:0:0:0:0:0:1 - - [08/Sep/2023:12:20:23 +0900] "GET /ELprj0908/jstl4 HTTP/1.1" 200 401
127.0.0.1 - - [08/Sep/2023:12:32:03 +0900] "GET / HTTP/1.1" 404 807
0:0:0:0:0:0:0:1 - - [08/Sep/2023:12:32:04 +0900] "GET /ELprj0908/jstl5 HTTP/1.1" 200 418
127.0.0.1 - - [08/Sep/2023:12:39:00 +0900] "GET / HTTP/1.1" 404 807
0:0:0:0:0:0:0:1 - - [08/Sep/2023:12:39:01 +0900] "GET /ELprj0908/jstl5 HTTP/1.1" 200 524
0:0:0:0:0:0:0:1 - - [08/Sep/2023:12:39:01 +0900] "GET /ELprj0908/null/img/bookb.jpg HTTP/1.1" 404 847
0:0:0:0:0:0:0:1 - - [08/Sep/2023:12:39:01 +0900] "GET /ELprj0908/null/img/bookm.jpg HTTP/1.1" 404 847
0:0:0:0:0:0:0:1 - - [08/Sep/2023:12:39:01 +0900] "GET /ELprj0908/null/img/bookc.jpg HTTP/1.1" 404 847
127.0.0.1 - - [08/Sep/2023:12:39:27 +0900] "GET / HTTP/1.1" 404 807
0:0:0:0:0:0:0:1 - - [08/Sep/2023:12:39:28 +0900] "GET /ELprj0908/jstl5 HTTP/1.1" 200 587
0:0:0:0:0:0:0:1 - - [08/Sep/2023:12:39:28 +0900] "GET /ELprj0908/null/img/bookc.jpg HTTP/1.1" 404 847
0:0:0:0:0:0:0:1 - - [08/Sep/2023:12:39:28 +0900] "GET /ELprj0908/null/img/bookb.jpg HTTP/1.1" 404 847
0:0:0:0:0:0:0:1 - - [08/Sep/2023:12:39:28 +0900] "GET /ELprj0908/null/img/bookm.jpg HTTP/1.1" 404 847
0:0:0:0:0:0:0:1 - - [08/Sep/2023:12:40:12 +0900] "GET /ELprj0908/jstl5 HTTP/1.1" 200 587
0:0:0:0:0:0:0:1 - - [08/Sep/2023:12:40:12 +0900] "GET /ELprj0908/null/img/bookm.jpg HTTP/1.1" 404 847
0:0:0:0:0:0:0:1 - - [08/Sep/2023:12:40:12 +0900] "GET /ELprj0908/null/img/bookc.jpg HTTP/1.1" 404 847
0:0:0:0:0:0:0:1 - - [08/Sep/2023:12:40:12 +0900] "GET /ELprj0908/null/img/bookb.jpg HTTP/1.1" 404 847
127.0.0.1 - - [08/Sep/2023:12:41:46 +0900] "GET / HTTP/1.1" 404 807
0:0:0:0:0:0:0:1 - - [08/Sep/2023:12:41:48 +0900] "GET /ELprj0908/jstl5 HTTP/1.1" 200 611
0:0:0:0:0:0:0:1 - - [08/Sep/2023:12:41:48 +0900] "GET /ELprj0908/img/bookb.jpg HTTP/1.1" 200 32663
0:0:0:0:0:0:0:1 - - [08/Sep/2023:12:41:48 +0900] "GET /ELprj0908/img/bookm.jpg HTTP/1.1" 200 32363
0:0:0:0:0:0:0:1 - - [08/Sep/2023:12:41:48 +0900] "GET /ELprj0908/img/bookc.jpg HTTP/1.1" 200 40412
127.0.0.1 - - [08/Sep/2023:12:48:29 +0900] "GET / HTTP/1.1" 404 807
0:0:0:0:0:0:0:1 - - [08/Sep/2023:12:48:30 +0900] "GET /ELprj0908/jstl6 HTTP/1.1" 200 283
127.0.0.1 - - [08/Sep/2023:14:22:38 +0900] "GET / HTTP/1.1" 404 807
0:0:0:0:0:0:0:1 - - [08/Sep/2023:14:22:40 +0900] "GET /ELprj0908/jstl7 HTTP/1.1" 200 525
0:0:0:0:0:0:0:1 - - [08/Sep/2023:14:24:29 +0900] "GET /ELprj0908/jstl7 HTTP/1.1" 200 72389606
127.0.0.1 - - [08/Sep/2023:14:24:46 +0900] "GET / HTTP/1.1" 404 807
0:0:0:0:0:0:0:1 - - [08/Sep/2023:14:24:48 +0900] "GET /ELprj0908/jstl7 HTTP/1.1" 200 2769708
0:0:0:0:0:0:0:1 - - [08/Sep/2023:14:26:37 +0900] "GET /ELprj0908/jstl7 HTTP/1.1" 200 2769708
0:0:0:0:0:0:0:1 - - [08/Sep/2023:14:26:38 +0900] "GET /ELprj0908/jstl7 HTTP/1.1" 200 2769708
0:0:0:0:0:0:0:1 - - [08/Sep/2023:14:26:38 +0900] "GET /ELprj0908/jstl7 HTTP/1.1" 200 2769708
0:0:0:0:0:0:0:1 - - [08/Sep/2023:14:26:38 +0900] "GET /ELprj0908/jstl7 HTTP/1.1" 200 2769708
127.0.0.1 - - [08/Sep/2023:15:03:27 +0900] "GET / HTTP/1.1" 404 807
0:0:0:0:0:0:0:1 - - [08/Sep/2023:15:03:28 +0900] "GET /ELprj0908/jstl8 HTTP/1.1" 200 197
127.0.0.1 - - [08/Sep/2023:15:05:44 +0900] "GET / HTTP/1.1" 404 807
0:0:0:0:0:0:0:1 - - [08/Sep/2023:15:05:45 +0900] "GET /ELprj0908/jstl8 HTTP/1.1" 200 339
127.0.0.1 - - [08/Sep/2023:15:07:37 +0900] "GET / HTTP/1.1" 404 807
0:0:0:0:0:0:0:1 - - [08/Sep/2023:15:07:38 +0900] "GET /ELprj0908/jstl8 HTTP/1.1" 200 1103
127.0.0.1 - - [08/Sep/2023:15:08:29 +0900] "GET / HTTP/1.1" 404 807
0:0:0:0:0:0:0:1 - - [08/Sep/2023:15:08:29 +0900] "GET /ELprj0908/WEB-INF/views/jstl8.jsp HTTP/1.1" 404 721
0:0:0:0:0:0:0:1 - - [08/Sep/2023:15:08:32 +0900] "GET /ELprj0908/jstl8 HTTP/1.1" 200 1105
0:0:0:0:0:0:0:1 - - [08/Sep/2023:15:08:32 +0900] "GET /ELprj0908/jstl8 HTTP/1.1" 200 1105
0:0:0:0:0:0:0:1 - - [08/Sep/2023:15:08:32 +0900] "GET /ELprj0908/jstl8 HTTP/1.1" 200 1105
0:0:0:0:0:0:0:1 - - [08/Sep/2023:15:08:36 +0900] "GET /ELprj0908/jstl8 HTTP/1.1" 200 1105
0:0:0:0:0:0:0:1 - - [08/Sep/2023:15:08:54 +0900] "GET /ELprj0908/jstl8 HTTP/1.1" 200 1105
127.0.0.1 - - [08/Sep/2023:15:10:44 +0900] "GET / HTTP/1.1" 404 807
0:0:0:0:0:0:0:1 - - [08/Sep/2023:15:10:45 +0900] "GET /ELprj0908/jstl8 HTTP/1.1" 200 1183
127.0.0.1 - - [08/Sep/2023:15:12:55 +0900] "GET / HTTP/1.1" 404 807
0:0:0:0:0:0:0:1 - - [08/Sep/2023:15:12:57 +0900] "GET /ELprj0908/jstl8 HTTP/1.1" 200 1223
127.0.0.1 - - [08/Sep/2023:15:18:12 +0900] "GET / HTTP/1.1" 404 807
0:0:0:0:0:0:0:1 - - [08/Sep/2023:15:18:13 +0900] "GET /ELprj0908/jstl8 HTTP/1.1" 200 1313
127.0.0.1 - - [08/Sep/2023:15:20:19 +0900] "GET / HTTP/1.1" 404 807
0:0:0:0:0:0:0:1 - - [08/Sep/2023:15:20:20 +0900] "GET /ELprj0908/jstl8 HTTP/1.1" 200 1423
127.0.0.1 - - [08/Sep/2023:15:22:25 +0900] "GET / HTTP/1.1" 404 807
0:0:0:0:0:0:0:1 - - [08/Sep/2023:15:22:26 +0900] "GET /ELprj0908/jstl8 HTTP/1.1" 200 1418
127.0.0.1 - - [08/Sep/2023:15:22:49 +0900] "GET / HTTP/1.1" 404 807
0:0:0:0:0:0:0:1 - - [08/Sep/2023:15:22:49 +0900] "GET /ELprj0908/WEB-INF/views/jstl8.jsp HTTP/1.1" 404 721
0:0:0:0:0:0:0:1 - - [08/Sep/2023:15:22:50 +0900] "GET /ELprj0908/jstl8 HTTP/1.1" 200 1418
127.0.0.1 - - [08/Sep/2023:15:23:00 +0900] "GET / HTTP/1.1" 404 807
0:0:0:0:0:0:0:1 - - [08/Sep/2023:15:23:01 +0900] "GET /ELprj0908/jstl8 HTTP/1.1" 200 1890
127.0.0.1 - - [08/Sep/2023:15:23:50 +0900] "GET / HTTP/1.1" 404 807
0:0:0:0:0:0:0:1 - - [08/Sep/2023:15:23:51 +0900] "GET /ELprj0908/jstl8 HTTP/1.1" 200 1714
127.0.0.1 - - [08/Sep/2023:15:25:18 +0900] "GET / HTTP/1.1" 404 807
0:0:0:0:0:0:0:1 - - [08/Sep/2023:15:25:20 +0900] "GET /ELprj0908/jstl8 HTTP/1.1" 200 1790
127.0.0.1 - - [08/Sep/2023:15:28:00 +0900] "GET / HTTP/1.1" 404 807
0:0:0:0:0:0:0:1 - - [08/Sep/2023:15:28:01 +0900] "GET /ELprj0908/jstl8 HTTP/1.1" 200 1973
127.0.0.1 - - [08/Sep/2023:15:28:53 +0900] "GET / HTTP/1.1" 404 807
0:0:0:0:0:0:0:1 - - [08/Sep/2023:15:28:54 +0900] "GET /ELprj0908/jstl8 HTTP/1.1" 200 2760
127.0.0.1 - - [08/Sep/2023:15:38:12 +0900] "GET / HTTP/1.1" 404 807
0:0:0:0:0:0:0:1 - - [08/Sep/2023:15:38:13 +0900] "GET /ELprj0908/jstl8 HTTP/1.1" 500 3803
127.0.0.1 - - [08/Sep/2023:15:39:16 +0900] "GET / HTTP/1.1" 404 807
0:0:0:0:0:0:0:1 - - [08/Sep/2023:15:39:17 +0900] "GET /ELprj0908/jstl8 HTTP/1.1" 200 2844
127.0.0.1 - - [08/Sep/2023:15:39:45 +0900] "GET / HTTP/1.1" 404 807
0:0:0:0:0:0:0:1 - - [08/Sep/2023:15:39:46 +0900] "GET /ELprj0908/jstl8 HTTP/1.1" 200 2844
127.0.0.1 - - [08/Sep/2023:15:40:12 +0900] "GET / HTTP/1.1" 404 807
0:0:0:0:0:0:0:1 - - [08/Sep/2023:15:40:13 +0900] "GET /ELprj0908/WEB-INF/views/jstl8.jsp HTTP/1.1" 404 721
127.0.0.1 - - [08/Sep/2023:15:41:17 +0900] "GET / HTTP/1.1" 404 807
0:0:0:0:0:0:0:1 - - [08/Sep/2023:15:41:18 +0900] "GET /ELprj0908/jstl8 HTTP/1.1" 200 2844
127.0.0.1 - - [08/Sep/2023:15:42:27 +0900] "GET / HTTP/1.1" 404 807
0:0:0:0:0:0:0:1 - - [08/Sep/2023:15:42:28 +0900] "GET /ELprj0908/jstl8 HTTP/1.1" 200 2840
127.0.0.1 - - [08/Sep/2023:15:43:13 +0900] "GET / HTTP/1.1" 404 807
0:0:0:0:0:0:0:1 - - [08/Sep/2023:15:43:15 +0900] "GET /ELprj0908/jstl8 HTTP/1.1" 200 2840
127.0.0.1 - - [08/Sep/2023:15:43:36 +0900] "GET / HTTP/1.1" 404 807
0:0:0:0:0:0:0:1 - - [08/Sep/2023:15:43:37 +0900] "GET /ELprj0908/jstl8 HTTP/1.1" 200 3089
127.0.0.1 - - [08/Sep/2023:15:54:22 +0900] "GET / HTTP/1.1" 404 807
0:0:0:0:0:0:0:1 - - [08/Sep/2023:15:54:23 +0900] "GET /ELprj0908/jstl8 HTTP/1.1" 200 3012
127.0.0.1 - - [08/Sep/2023:15:58:27 +0900] "GET / HTTP/1.1" 404 807
0:0:0:0:0:0:0:1 - - [08/Sep/2023:15:58:28 +0900] "GET /ELprj0908/jstl8 HTTP/1.1" 200 3071
0:0:0:0:0:0:0:1 - - [08/Sep/2023:15:58:30 +0900] "POST /ELprj0908/Jstl8 HTTP/1.1" 404 826
0:0:0:0:0:0:0:1 - - [08/Sep/2023:15:58:52 +0900] "POST /ELprj0908/Jstl8 HTTP/1.1" 404 826
0:0:0:0:0:0:0:1 - - [08/Sep/2023:15:58:56 +0900] "POST /ELprj0908/Jstl8 HTTP/1.1" 404 826
127.0.0.1 - - [08/Sep/2023:16:03:31 +0900] "GET / HTTP/1.1" 404 807
0:0:0:0:0:0:0:1 - - [08/Sep/2023:16:03:31 +0900] "GET /ELprj0908/jstl8 HTTP/1.1" 200 3071
0:0:0:0:0:0:0:1 - - [08/Sep/2023:16:03:39 +0900] "POST /ELprj0908/Jstl8 HTTP/1.1" 404 826
127.0.0.1 - - [08/Sep/2023:16:08:35 +0900] "GET / HTTP/1.1" 404 807
0:0:0:0:0:0:0:1 - - [08/Sep/2023:16:08:36 +0900] "GET /ELprj0908/jstl8 HTTP/1.1" 500 2494
127.0.0.1 - - [08/Sep/2023:16:09:13 +0900] "GET / HTTP/1.1" 404 807
0:0:0:0:0:0:0:1 - - [08/Sep/2023:16:09:14 +0900] "GET /ELprj0908/jstl4 HTTP/1.1" 200 401
0:0:0:0:0:0:0:1 - - [08/Sep/2023:16:24:28 +0900] "GET /ELprj0908/jstl8 HTTP/1.1" 200 3066
192.241.196.75 - - [08/Sep/2023:16:50:35 +0900] "-" 400 2163
143.198.87.95 - - [08/Sep/2023:18:07:41 +0900] "GET /favicon.ico HTTP/1.1" 404 818
143.198.87.95 - - [08/Sep/2023:18:07:42 +0900] "GET /image/lgbg.jpg HTTP/1.1" 404 825
143.198.87.95 - - [08/Sep/2023:18:07:42 +0900] "GET /skin/default_1/images/logo.png HTTP/1.1" 404 849
143.198.87.95 - - [08/Sep/2023:18:07:43 +0900] "GET / HTTP/1.1" 404 807
143.198.87.95 - - [08/Sep/2023:18:07:43 +0900] "GET /login.rsp HTTP/1.1" 404 816
